*******************************************************************************
Tue Aug 29 18:24:32 2023


FIT:    data read from 'Ge_EI_y_vs_ENR_x.dat' u 2:3
        format = x:z
        #datapoints = 99970
        residuals are weighted equally (unit weight)

function used for fitting: c*g(x,a,b,0.2)
	g(x,a,b,c)=c*(a*x**0.15+b*x**0.6+x)/(1.0+c*(a*x**0.15+b*x**0.6+x))
fitted parameters initialized with current variable values

iter      chisq       delta/lim  lambda   a             b             c            
   0 1.4112493704e+04   0.00e+00  3.96e-01    1.000000e+00   1.000000e+00   1.000000e+00
   6 1.0586770270e+00  -4.01e-02  3.96e-07    5.964502e+00   5.472936e-01   4.092147e-01

After 6 iterations the fit converged.
final sum of squares of residuals : 1.05868
rel. change during last iteration : -4.0065e-07

degrees of freedom    (FIT_NDF)                        : 99967
rms of residuals      (FIT_STDFIT) = sqrt(WSSR/ndf)    : 0.00325427
variance of residuals (reduced chisquare) = WSSR/ndf   : 1.05903e-05

Final set of parameters            Asymptotic Standard Error
=======================            ==========================
a               = 5.9645           +/- 0.003245     (0.0544%)
b               = 0.547294         +/- 0.004999     (0.9134%)
c               = 0.409215         +/- 6.79e-05     (0.01659%)

correlation matrix of the fit parameters:
                a      b      c      
a               1.000 
b              -0.688  1.000 
c               0.449 -0.941  1.000 
